+ analyze_power_grid -net VPWR -voltage_file /home/stanisla/Repositories/heichips26-heiscore/macros/heichips26_heiscore/flow/librelane/runs/RUN_2026-10-05_06-39-22/55-openroad-irdropreport/net-VPWR.csv
[INFO PSM-0040] All shapes on net VPWR are connected.
########## IR report #################
Net              : VPWR
Corner           : nom_typ_1p20V_25C
Total power      : 6.82e-04 W
Supply voltage   : 1.20e+00 V
Worstcase voltage: 1.20e+00 V
Average voltage  : 1.20e+00 V
Average IR drop  : 1.69e-04 V
Worstcase IR drop: 2.53e-04 V
Percentage drop  : 0.02 %
######################################
+ analyze_power_grid -net VGND -voltage_file /home/stanisla/Repositories/heichips26-heiscore/macros/heichips26_heiscore/flow/librelane/runs/RUN_2026-10-05_06-39-22/55-openroad-irdropreport/net-VGND.csv
[INFO PSM-0040] All shapes on net VGND are connected.
########## IR report #################
Net              : VGND
Corner           : nom_typ_1p20V_25C
Total power      : 6.82e-04 W
Supply voltage   : 0.00e+00 V
Worstcase voltage: 2.66e-04 V
Average voltage  : 1.66e-04 V
Average IR drop  : 1.66e-04 V
Worstcase IR drop: 2.66e-04 V
Percentage drop  : 0.02 %
######################################
