
===========================================================================
 report_power
============================================================================
======================= nom_fast_1p32V_m40C Corner ===================================

Group                    Internal    Switching      Leakage        Total
                            Power        Power        Power        Power (Watts)
------------------------------------------------------------------------
Sequential           2.533745e-04 1.264197e-05 1.390723e-07 2.661555e-04  31.1%
Combinational        1.499297e-04 2.584913e-04 6.975069e-07 4.091185e-04  47.8%
Clock                1.147582e-04 6.399789e-05 1.609647e-06 1.803658e-04  21.1%
Macro                0.000000e+00 0.000000e+00 0.000000e+00 0.000000e+00   0.0%
Pad                  0.000000e+00 0.000000e+00 0.000000e+00 0.000000e+00   0.0%
------------------------------------------------------------------------
Total                5.180627e-04 3.351309e-04 2.446227e-06 8.556399e-04 100.0%
                            60.5%        39.2%         0.3%

