189. Printing statistics.

=== heichips26_heiscore ===

        +----------Local Count, excluding submodules.
        |        +-Local Area, excluding submodules.
        |        | 
     1790        - wires
     1825        - wire bits
      141        - public wires
      176        - public wire bits
        8        - ports
       43        - port bits
     1806 2.24E+04 cells
       57  723.946   sg13cmos5l_a21o_1
      116 1.05E+03   sg13cmos5l_a21oi_1
       35  508.032   sg13cmos5l_a221oi_1
       94 1.02E+03   sg13cmos5l_a22oi_1
       62  562.464   sg13cmos5l_and2_1
       18  228.614   sg13cmos5l_and3_1
       10  145.152   sg13cmos5l_and4_1
        8   58.061   sg13cmos5l_buf_1
      135 6.61E+03   sg13cmos5l_dfrbpq_1
       92  500.774   sg13cmos5l_inv_1
        7  127.008   sg13cmos5l_mux2_1
      208 1.51E+03   sg13cmos5l_nand2_1
       64  580.608   sg13cmos5l_nand2b_1
       95   861.84   sg13cmos5l_nand3_1
       14  177.811   sg13cmos5l_nand3b_1
       66  718.502   sg13cmos5l_nand4_1
      189 1.37E+03   sg13cmos5l_nor2_1
       51  462.672   sg13cmos5l_nor2b_1
       65   589.68   sg13cmos5l_nor3_1
       56  609.638   sg13cmos5l_nor4_1
      183 1.66E+03   sg13cmos5l_o21ai_1
       29  263.088   sg13cmos5l_or2_1
       22  279.418   sg13cmos5l_or3_1
       10  145.152   sg13cmos5l_or4_1
        1    7.258   sg13cmos5l_tiehi
       16  116.122   sg13cmos5l_tielo
       90 1.31E+03   sg13cmos5l_xnor2_1
       13  188.698   sg13cmos5l_xor2_1

   Chip area for module '\heichips26_heiscore': 22387.957200
     of which used for sequential elements: 6613.488000 (29.54%)

