181. Printing statistics.

=== heichips26_heiscore ===

        +----------Local Count, excluding submodules.
        |        +-Local Area, excluding submodules.
        |        | 
     4986        - wires
     5149        - wire bits
       26        - public wires
      189        - public wire bits
        8        - ports
       43        - port bits
     5095 6.61E+03 cells
     1674        -   $_ANDNOT_
      157        -   $_AND_
      200        -   $_MUX_
      225        -   $_NAND_
      355        -   $_NOR_
      130        -   $_NOT_
      185        -   $_ORNOT_
     1680        -   $_OR_
       38        -   $_XNOR_
      316        -   $_XOR_
      135 6.61E+03   sg13cmos5l_dfrbpq_1

   Area for cell type $_ANDNOT_ is unknown!
   Area for cell type $_AND_ is unknown!
   Area for cell type $_MUX_ is unknown!
   Area for cell type $_NAND_ is unknown!
   Area for cell type $_NOR_ is unknown!
   Area for cell type $_NOT_ is unknown!
   Area for cell type $_ORNOT_ is unknown!
   Area for cell type $_OR_ is unknown!
   Area for cell type $_XNOR_ is unknown!
   Area for cell type $_XOR_ is unknown!

   Chip area for module '\heichips26_heiscore': 6613.488000
     of which used for sequential elements: 6613.488000 (100.00%)

